0 verbose cli C:\Program Files\nodejs\node.exe C:\Program Files\nodejs\node_modules\npm\bin\npm-cli.js
1 info using npm@11.9.0
2 info using node@v24.14.0
3 silly config load:file:C:\Program Files\nodejs\node_modules\npm\npmrc
4 silly config load:file:D:\newproject\argus-platform\frontend\.npmrc
5 silly config load:file:C:\Users\28427\.npmrc
6 silly config load:file:D:\newproject\argus-platform\frontend\softnodejsnode_global\etc\npmrc
7 verbose title npm run dev\
8 verbose argv "run" "dev\\"
9 verbose logfile logs-max:10 dir:D:\newproject\argus-platform\frontend\softnodejsnode_cache\_logs\2026-08-17T23_33_09_063Z-
10 verbose logfile D:\newproject\argus-platform\frontend\softnodejsnode_cache\_logs\2026-08-17T23_33_09_063Z-debug-0.log
11 silly logfile done cleaning log files
12 verbose stack Error: Missing script: "dev\"
12 verbose stack
12 verbose stack Did you mean this?
12 verbose stack   npm run dev # run the "dev" package script
12 verbose stack
12 verbose stack To see a list of scripts, run:
12 verbose stack   npm run
12 verbose stack     at #run (C:\Program Files\nodejs\node_modules\npm\lib\commands\run.js:115:13)
12 verbose stack     at async RunScript.exec (C:\Program Files\nodejs\node_modules\npm\lib\commands\run.js:44:7)
12 verbose stack     at async Npm.exec (C:\Program Files\nodejs\node_modules\npm\lib\npm.js:208:9)
12 verbose stack     at async module.exports (C:\Program Files\nodejs\node_modules\npm\lib\cli\entry.js:67:5)
13 error Missing script: "dev\"
13 error
13 error Did you mean this?
13 error   npm run dev # run the "dev" package script
13 error
13 error To see a list of scripts, run:
13 error   npm run
14 verbose cwd D:\newproject\argus-platform\frontend
15 verbose os Windows_NT 10.0.26200
16 verbose node v24.14.0
17 verbose npm  v11.9.0
18 verbose exit 1
19 verbose code 1
20 error A complete log of this run can be found in: D:\newproject\argus-platform\frontend\softnodejsnode_cache\_logs\2026-08-17T23_33_09_063Z-debug-0.log
